// Jest Snapshot v1, https://goo.gl/fbAQLP

exports[`Render Carousel Item 1`] = `ReactWrapper {}`;

exports[`Render Carousel With Data 1`] = `ReactWrapper {}`;

exports[`snapshot should not have changes 1`] = `ShallowWrapper {}`;
